// Jest Snapshot v1, https://goo.gl/fbAQLP

exports[`<WinScreen/> render correctly Render 0 question 0 mistakes 1`] = `
<section
  className="result"
>
  <div
    className="result__logo"
  >
    <img
      alt="Угадай мелодию"
      height="83"
      src="img/melody-logo.png"
      width="186"
    />
  </div>
  <h2
    className="result__title"
  >
    Вы настоящий меломан!
  </h2>
  <p
    className="result__total"
  >
    Вы ответили правильно на 
    0
     вопросов и совершили 
    0
     ошибки
  </p>
  <button
    className="replay"
    onClick={[Function]}
    type="button"
  >
    Сыграть ещё раз
  </button>
</section>
`;

exports[`<WinScreen/> render correctly Render 3 question 0 mistakes 1`] = `
<section
  className="result"
>
  <div
    className="result__logo"
  >
    <img
      alt="Угадай мелодию"
      height="83"
      src="img/melody-logo.png"
      width="186"
    />
  </div>
  <h2
    className="result__title"
  >
    Вы настоящий меломан!
  </h2>
  <p
    className="result__total"
  >
    Вы ответили правильно на 
    3
     вопросов и совершили 
    0
     ошибки
  </p>
  <button
    className="replay"
    onClick={[Function]}
    type="button"
  >
    Сыграть ещё раз
  </button>
</section>
`;

exports[`<WinScreen/> render correctly Render 3 question 1 mistakes 1`] = `
<section
  className="result"
>
  <div
    className="result__logo"
  >
    <img
      alt="Угадай мелодию"
      height="83"
      src="img/melody-logo.png"
      width="186"
    />
  </div>
  <h2
    className="result__title"
  >
    Вы настоящий меломан!
  </h2>
  <p
    className="result__total"
  >
    Вы ответили правильно на 
    2
     вопросов и совершили 
    1
     ошибки
  </p>
  <button
    className="replay"
    onClick={[Function]}
    type="button"
  >
    Сыграть ещё раз
  </button>
</section>
`;

exports[`<WinScreen/> render correctly Render 100 question 5 mistakes 1`] = `
<section
  className="result"
>
  <div
    className="result__logo"
  >
    <img
      alt="Угадай мелодию"
      height="83"
      src="img/melody-logo.png"
      width="186"
    />
  </div>
  <h2
    className="result__title"
  >
    Вы настоящий меломан!
  </h2>
  <p
    className="result__total"
  >
    Вы ответили правильно на 
    100
     вопросов и совершили 
    0
     ошибки
  </p>
  <button
    className="replay"
    onClick={[Function]}
    type="button"
  >
    Сыграть ещё раз
  </button>
</section>
`;
